******************************************************************************
                  TI ARM Linker PC v18.12.2                    
******************************************************************************
>> Linked Fri Oct 25 14:51:05 2019

OUTPUT FILE NAME:   <timer_a_pwm_mode_MSP_EXP432P401R_nortos_ccs.out>
ENTRY POINT SYMBOL: "_c_int00_noargs"  address: 000022f1


MEMORY CONFIGURATION

         name            origin    length      used     unused   attr    fill
----------------------  --------  ---------  --------  --------  ----  --------
  MAIN                  00000000   00040000  00002730  0003d8d0  R  X
  INFO                  00200000   00004000  00000000  00004000  R  X
  SRAM_CODE             01000000   00010000  00000238  0000fdc8  RW X
  SRAM_DATA             20000000   00010000  00000238  0000fdc8  RW  


SEGMENT ALLOCATION MAP

run origin  load origin   length   init length attrs members
----------  ----------- ---------- ----------- ----- -------
00000000    00000000    00002730   00002730    r-x
  00000000    00000000    000000e4   000000e4    r-- .intvecs
  000000e4    000000e4    000024f4   000024f4    r-x .text
  000025d8    000025d8    00000110   00000110    r-- .const
  000026e8    000026e8    00000048   00000048    r-- .cinit
20000000    20000000    00000038   00000000    rw-
  20000000    20000000    00000020   00000000    rw- .data
  20000020    20000020    00000018   00000000    rw- .bss
2000fe00    2000fe00    00000200   00000000    rw-
  2000fe00    2000fe00    00000200   00000000    rw- .stack


SECTION ALLOCATION MAP

 output                                  attributes/
section   page    origin      length       input sections
--------  ----  ----------  ----------   ----------------
.intvecs   0    00000000    000000e4     
                  00000000    000000e4     startup_msp432p401r_ccs.obj (.intvecs:retain)

.text      0    000000e4    000024f4     
                  000000e4    000009c0     rtsv7M4_T_le_v4SPD16_eabi.lib : e_pow.c.obj (.text:pow)
                  00000aa4    000003c0     timer_a_pwm_mode.obj (.text:EUSCIA0_IRQHandler)
                  00000e64    00000270     timer_a_pwm_mode.obj (.text:PORT1_IRQHandler)
                  000010d4    0000021c     timer_a_pwm_mode.obj (.text:main)
                  000012f0    000001b6     rtsv7M4_T_le_v4SPD16_eabi.lib : fd_add_t2.asm.obj (.text)
                  000014a6    00000002     startup_msp432p401r_ccs.obj (.text:Default_Handler)
                  000014a8    00000160     msp432p4xx_driverlib.lib : adc14.o (.text:_getIndexForMemRegister)
                  00001608    00000158     rtsv7M4_T_le_v4SPD16_eabi.lib : e_sqrt.c.obj (.text:sqrt)
                  00001760    00000136                                   : fd_div_t2.asm.obj (.text)
                  00001896    00000002     --HOLE-- [fill = 0]
                  00001898    00000110                                   : s_scalbn.c.obj (.text:scalbn)
                  000019a8    000000fc                                   : fd_mul_t2.asm.obj (.text)
                  00001aa4    000000b8     timer_a_pwm_mode.obj (.text:ADC14_IRQHandler)
                  00001b5c    000000b4     msp432p4xx_driverlib.lib : adc14.o (.text:ADC14_configureConversionMemory)
                  00001c10    000000a8     timer_a_pwm_mode.obj (.text:ftoa)
                  00001cb8    0000009c     rtsv7M4_T_le_v4SPD16_eabi.lib : memcpy_t2.asm.obj (.text)
                  00001d54    00000086                                   : fd_cmp_t2.asm.obj (.text:__aeabi_cdcmple)
                  00001dda    00000086                                   : fd_cmp_t2.asm.obj (.text:__aeabi_cdrcmple)
                  00001e60    00000086     timer_a_pwm_mode.obj (.text:itoa)
                  00001ee6    00000002     --HOLE-- [fill = 0]
                  00001ee8    00000080     msp432p4xx_driverlib.lib : interrupt.o (.text:Interrupt_enableInterrupt)
                  00001f68    00000078     system_msp432p401r.obj (.text:SystemInit)
                  00001fe0    0000006e     rtsv7M4_T_le_v4SPD16_eabi.lib : fd_tos_t2.asm.obj (.text)
                  0000204e    00000068                                   : copy_decompress_lzss.c.obj (.text:decompress:lzss:__TI_decompress_lzss)
                  000020b6    00000062     timer_a_pwm_mode.obj (.text:intToStr)
                  00002118    00000058     msp432p4xx_driverlib.lib : adc14.o (.text:ADC14_configureSingleSampleMode)
                  00002170    00000054                              : adc14.o (.text:ADC14_initModule)
                  000021c4    00000044     rtsv7M4_T_le_v4SPD16_eabi.lib : autoinit.c.obj (.text:__TI_auto_init_nobinit_nopinit:__TI_auto_init_nobinit_nopinit)
                  00002208    00000044                                   : fd_tou_t2.asm.obj (.text)
                  0000224c    00000038     msp432p4xx_driverlib.lib : adc14.o (.text:ADC14_getEnabledInterruptStatus)
                  00002284    00000038     rtsv7M4_T_le_v4SPD16_eabi.lib : fs_tod_t2.asm.obj (.text)
                  000022bc    00000034     msp432p4xx_driverlib.lib : adc14.o (.text:ADC14_enableSampleTimer)
                  000022f0    00000034     rtsv7M4_T_le_v4SPD16_eabi.lib : boot_cortex_m.c.obj (.text:_c_int00_noargs:_c_int00_noargs)
                  00002324    00000030     msp432p4xx_driverlib.lib : adc14.o (.text:ADC14_clearInterruptFlag)
                  00002354    00000030                              : adc14.o (.text:ADC14_enableInterrupt)
                  00002384    00000030                              : adc14.o (.text:ADC14_setSampleHoldTime)
                  000023b4    0000002e     rtsv7M4_T_le_v4SPD16_eabi.lib : i_tofd_t2.asm.obj (.text)
                  000023e2    00000002     --HOLE-- [fill = 0]
                  000023e4    0000002c     msp432p4xx_driverlib.lib : adc14.o (.text:ADC14_getInterruptStatus)
                  00002410    0000002c                              : adc14.o (.text:ADC14_toggleConversionTrigger)
                  0000243c    00000028                              : adc14.o (.text:ADC14_enableConversion)
                  00002464    00000028                              : adc14.o (.text:ADC14_getResult)
                  0000248c    00000020                              : ref_a.o (.text:REF_A_setReferenceVoltage)
                  000024ac    00000020     rtsv7M4_T_le_v4SPD16_eabi.lib : u_tofd_t2.asm.obj (.text)
                  000024cc    0000001c     msp432p4xx_driverlib.lib : sysctl.o (.text:SysCtl_getTempCalibrationConstant)
                  000024e8    0000001c     rtsv7M4_T_le_v4SPD16_eabi.lib : copy_zero_init.c.obj (.text:decompress:ZI:__TI_zero_init_nomemset:__TI_zero_init_nomemset)
                  00002504    0000001a                                   : s_copysign.c.obj (.text:copysign)
                  0000251e    00000002     --HOLE-- [fill = 0]
                  00002520    00000018     msp432p4xx_driverlib.lib : fpu.o (.text:FPU_enableModule)
                  00002538    00000014     rtsv7M4_T_le_v4SPD16_eabi.lib : strlen.c.obj (.text:strlen)
                  0000254c    00000010     msp432p4xx_driverlib.lib : adc14.o (.text:ADCIsConversionRunning)
                  0000255c    00000010                              : fpu.o (.text:FPU_enableLazyStacking)
                  0000256c    00000010                              : interrupt.o (.text:Interrupt_enableMaster)
                  0000257c    0000000e     rtsv7M4_T_le_v4SPD16_eabi.lib : copy_decompress_none.c.obj (.text:decompress:none:__TI_decompress_none)
                  0000258a    00000002     --HOLE-- [fill = 0]
                  0000258c    0000000c     msp432p4xx_driverlib.lib : adc14.o (.text:ADC14_enableModule)
                  00002598    0000000c                              : cpu.o (.text:CPU_cpsie)
                  000025a4    0000000c                              : ref_a.o (.text:REF_A_enableReferenceVoltage)
                  000025b0    0000000c                              : ref_a.o (.text:REF_A_enableTempSensor)
                  000025bc    0000000c     startup_msp432p401r_ccs.obj (.text:Reset_Handler)
                  000025c8    00000008     rtsv7M4_T_le_v4SPD16_eabi.lib : errno.c.obj (.text:__aeabi_errno_addr)
                  000025d0    00000004                                   : pre_init.c.obj (.text:_system_pre_init)
                  000025d4    00000004                                   : exit.c.obj (.text:abort:abort)

.const     0    000025d8    00000110     
                  000025d8    00000080     msp432p4xx_driverlib.lib : adc14.o (.const:_ctlRegs)
                  00002658    00000030     rtsv7M4_T_le_v4SPD16_eabi.lib : e_pow.c.obj (.const:$O1$$)
                  00002688    0000002a     timer_a_pwm_mode.obj (.const:.string:$P$T2$3)
                  000026b2    0000001c     timer_a_pwm_mode.obj (.const:.string:$P$T1$2)
                  000026ce    00000010     timer_a_pwm_mode.obj (.const:.string:$P$T0$1)
                  000026de    00000002     --HOLE-- [fill = 0]
                  000026e0    00000008     msp432p4xx_driverlib.lib : interrupt.o (.const:g_pulEnRegs)

.cinit     0    000026e8    00000048     
                  000026e8    0000001f     (.cinit..data.load) [load image, compression = lzss]
                  00002707    00000001     --HOLE-- [fill = 0]
                  00002708    0000000c     (__TI_handler_table)
                  00002714    00000004     --HOLE-- [fill = 0]
                  00002718    00000008     (.cinit..bss.load) [load image, compression = zero_init]
                  00002720    00000010     (__TI_cinit_table)

.init_array 
*          0    00000000    00000000     UNINITIALIZED

.binit     0    00000000    00000000     

.data      0    20000000    00000020     UNINITIALIZED
                  20000000    00000018     timer_a_pwm_mode.obj (.data:pwmConfig)
                  20000018    00000004     rtsv7M4_T_le_v4SPD16_eabi.lib : errno.c.obj (.data)
                  2000001c    00000004     timer_a_pwm_mode.obj (.data)

.bss       0    20000020    00000018     UNINITIALIZED
                  20000020    00000004     (.common:cal30)
                  20000024    00000004     (.common:cal85)
                  20000028    00000004     (.common:calDifference)
                  2000002c    00000004     (.common:tempC)
                  20000030    00000004     (.common:tempF)
                  20000034    00000004     (.common:tempK)

.stack     0    2000fe00    00000200     UNINITIALIZED
                  2000fe00    00000004     rtsv7M4_T_le_v4SPD16_eabi.lib : boot_cortex_m.c.obj (.stack)
                  2000fe04    000001fc     --HOLE--

MODULE SUMMARY

       Module                        code   ro data   rw data
       ------                        ----   -------   -------
    .\
       timer_a_pwm_mode.obj          2708   86        104    
       system_msp432p401r.obj        120    0         0      
    +--+-----------------------------+------+---------+---------+
       Total:                        2828   86        104    
                                                             
    .\ccs\
       startup_msp432p401r_ccs.obj   14     228       0      
    +--+-----------------------------+------+---------+---------+
       Total:                        14     228       0      
                                                             
    C:/ti/simplelink_msp432p4_sdk_3_30_00_13/source/ti/devices/msp432p4xx/driverlib/ccs/msp432p4xx_driverlib.lib
       adc14.o                       1152   128       0      
       interrupt.o                   144    8         0      
       ref_a.o                       56     0         0      
       fpu.o                         40     0         0      
       sysctl.o                      28     0         0      
       cpu.o                         12     0         0      
    +--+-----------------------------+------+---------+---------+
       Total:                        1432   136       0      
                                                             
    C:\ti\ccs910\ccs\tools\compiler\ti-cgt-arm_18.12.2.LTS\lib\rtsv7M4_T_le_v4SPD16_eabi.lib
       e_pow.c.obj                   2496   48        0      
       fd_add_t2.asm.obj             438    0         0      
       e_sqrt.c.obj                  344    0         0      
       fd_div_t2.asm.obj             310    0         0      
       s_scalbn.c.obj                272    0         0      
       fd_cmp_t2.asm.obj             268    0         0      
       fd_mul_t2.asm.obj             252    0         0      
       memcpy_t2.asm.obj             156    0         0      
       fd_tos_t2.asm.obj             110    0         0      
       copy_decompress_lzss.c.obj    104    0         0      
       autoinit.c.obj                68     0         0      
       fd_tou_t2.asm.obj             68     0         0      
       fs_tod_t2.asm.obj             56     0         0      
       boot_cortex_m.c.obj           52     0         0      
       i_tofd_t2.asm.obj             46     0         0      
       u_tofd_t2.asm.obj             32     0         0      
       copy_zero_init.c.obj          28     0         0      
       s_copysign.c.obj              26     0         0      
       strlen.c.obj                  20     0         0      
       errno.c.obj                   8      0         8      
       copy_decompress_none.c.obj    14     0         0      
       exit.c.obj                    4      0         0      
       pre_init.c.obj                4      0         0      
    +--+-----------------------------+------+---------+---------+
       Total:                        5176   48        8      
                                                             
       Stack:                        0      0         1024   
       Linker Generated:             0      67        0      
    +--+-----------------------------+------+---------+---------+
       Grand Total:                  9450   565       1136   


LINKER GENERATED COPY TABLES

__TI_cinit_table @ 00002720 records: 2, size/record: 8, table size: 16
	.data: load addr=000026e8, load size=0000001f bytes, run addr=20000000, run size=00000020 bytes, compression=lzss
	.bss: load addr=00002718, load size=00000008 bytes, run addr=20000020, run size=00000018 bytes, compression=zero_init


LINKER GENERATED HANDLER TABLE

__TI_handler_table @ 00002708 records: 3, size/record: 4, table size: 12
	index: 0, handler: __TI_decompress_lzss
	index: 1, handler: __TI_decompress_none
	index: 2, handler: __TI_zero_init


GLOBAL SYMBOLS: SORTED ALPHABETICALLY BY Name 

address   name                             
-------   ----                             
00001aa5  ADC14_IRQHandler                 
00001aa5  ADC14_IRQHandler                 
00002325  ADC14_clearInterruptFlag         
00001b5d  ADC14_configureConversionMemory  
00002119  ADC14_configureSingleSampleMode  
0000243d  ADC14_enableConversion           
00002355  ADC14_enableInterrupt            
0000258d  ADC14_enableModule               
000022bd  ADC14_enableSampleTimer          
0000224d  ADC14_getEnabledInterruptStatus  
000023e5  ADC14_getInterruptStatus         
00002465  ADC14_getResult                  
00002171  ADC14_initModule                 
00002385  ADC14_setSampleHoldTime          
00002411  ADC14_toggleConversionTrigger    
000014a7  AES256_IRQHandler                
000014a7  BusFault_Handler                 
000025d5  C$$EXIT                          
000014a7  COMP_E0_IRQHandler               
000014a7  COMP_E1_IRQHandler               
00002599  CPU_cpsie                        
000014a7  CS_IRQHandler                    
000014a7  DMA_ERR_IRQHandler               
000014a7  DMA_INT0_IRQHandler              
000014a7  DMA_INT1_IRQHandler              
000014a7  DMA_INT2_IRQHandler              
000014a7  DMA_INT3_IRQHandler              
000014a7  DebugMon_Handler                 
000014a7  Default_Handler                  
00000aa5  EUSCIA0_IRQHandler               
00000aa5  EUSCIA0_IRQHandler               
000014a7  EUSCIA1_IRQHandler               
000014a7  EUSCIA2_IRQHandler               
000014a7  EUSCIA3_IRQHandler               
000014a7  EUSCIB0_IRQHandler               
000014a7  EUSCIB1_IRQHandler               
000014a7  EUSCIB2_IRQHandler               
000014a7  EUSCIB3_IRQHandler               
000014a7  FLCTL_IRQHandler                 
000014a7  FPU_IRQHandler                   
0000255d  FPU_enableLazyStacking           
00002521  FPU_enableModule                 
000014a7  HardFault_Handler                
00001ee9  Interrupt_enableInterrupt        
0000256d  Interrupt_enableMaster           
000014a7  MemManage_Handler                
000014a7  NMI_Handler                      
000014a7  PCM_IRQHandler                   
00000e65  PORT1_IRQHandler                 
00000e65  PORT1_IRQHandler                 
000014a7  PORT2_IRQHandler                 
000014a7  PORT3_IRQHandler                 
000014a7  PORT4_IRQHandler                 
000014a7  PORT5_IRQHandler                 
000014a7  PORT6_IRQHandler                 
000014a7  PSS_IRQHandler                   
000014a7  PendSV_Handler                   
000025a5  REF_A_enableReferenceVoltage     
000025b1  REF_A_enableTempSensor           
0000248d  REF_A_setReferenceVoltage        
000014a7  RTC_C_IRQHandler                 
000025bd  Reset_Handler                    
000014a7  SVC_Handler                      
000024cd  SysCtl_getTempCalibrationConstant
000014a7  SysTick_Handler                  
00001f69  SystemInit                       
000014a7  T32_INT1_IRQHandler              
000014a7  T32_INT2_IRQHandler              
000014a7  T32_INTC_IRQHandler              
000014a7  TA0_0_IRQHandler                 
000014a7  TA0_N_IRQHandler                 
000014a7  TA1_0_IRQHandler                 
000014a7  TA1_N_IRQHandler                 
000014a7  TA2_0_IRQHandler                 
000014a7  TA2_N_IRQHandler                 
000014a7  TA3_0_IRQHandler                 
000014a7  TA3_N_IRQHandler                 
000014a7  UsageFault_Handler               
4000480c  WDTCTL_SYM                       
000014a7  WDT_A_IRQHandler                 
20010000  __STACK_END                      
00000200  __STACK_SIZE                     
00002720  __TI_CINIT_Base                  
00002730  __TI_CINIT_Limit                 
00002708  __TI_Handler_Table_Base          
00002714  __TI_Handler_Table_Limit         
000021c5  __TI_auto_init_nobinit_nopinit   
0000204f  __TI_decompress_lzss             
0000257d  __TI_decompress_none             
ffffffff  __TI_pprof_out_hndl              
ffffffff  __TI_prof_data_size              
ffffffff  __TI_prof_data_start             
00000000  __TI_static_base__               
000024e9  __TI_zero_init_nomemset          
00001d55  __aeabi_cdcmpeq                  
00001d55  __aeabi_cdcmple                  
00001ddb  __aeabi_cdrcmple                 
00001fe1  __aeabi_d2f                      
00002209  __aeabi_d2uiz                    
000012fb  __aeabi_dadd                     
00001761  __aeabi_ddiv                     
000019a9  __aeabi_dmul                     
000012f1  __aeabi_dsub                     
000025c9  __aeabi_errno_addr               
00002285  __aeabi_f2d                      
000023b5  __aeabi_i2d                      
00001cb9  __aeabi_memcpy                   
00001cb9  __aeabi_memcpy4                  
00001cb9  __aeabi_memcpy8                  
000024ad  __aeabi_ui2d                     
ffffffff  __binit__                        
ffffffff  __c_args__                       
UNDEFED   __mpu_init                       
2000fe00  __stack                          
000022f1  _c_int00_noargs                  
UNDEFED   _system_post_cinit               
000025d1  _system_pre_init                 
000025d5  abort                            
ffffffff  binit                            
20000020  cal30                            
20000024  cal85                            
20000028  calDifference                    
00002505  copysign                         
00002505  copysignl                        
2000001c  count                            
20000018  errno                            
00001c11  ftoa                             
000020b7  intToStr                         
00000000  interruptVectors                 
00001e61  itoa                             
00001899  ldexp                            
00001899  ldexpl                           
000010d5  main                             
00001cb9  memcpy                           
000000e5  pow                              
000000e5  powl                             
20000000  pwmConfig                        
00001899  scalbn                           
00001899  scalbnl                          
00001609  sqrt                             
00001609  sqrtl                            
00002539  strlen                           
2000002c  tempC                            
20000030  tempF                            
20000034  tempK                            


GLOBAL SYMBOLS: SORTED BY Symbol Address 

address   name                             
-------   ----                             
00000000  __TI_static_base__               
00000000  interruptVectors                 
000000e5  pow                              
000000e5  powl                             
00000200  __STACK_SIZE                     
00000aa5  EUSCIA0_IRQHandler               
00000aa5  EUSCIA0_IRQHandler               
00000e65  PORT1_IRQHandler                 
00000e65  PORT1_IRQHandler                 
000010d5  main                             
000012f1  __aeabi_dsub                     
000012fb  __aeabi_dadd                     
000014a7  AES256_IRQHandler                
000014a7  BusFault_Handler                 
000014a7  COMP_E0_IRQHandler               
000014a7  COMP_E1_IRQHandler               
000014a7  CS_IRQHandler                    
000014a7  DMA_ERR_IRQHandler               
000014a7  DMA_INT0_IRQHandler              
000014a7  DMA_INT1_IRQHandler              
000014a7  DMA_INT2_IRQHandler              
000014a7  DMA_INT3_IRQHandler              
000014a7  DebugMon_Handler                 
000014a7  Default_Handler                  
000014a7  EUSCIA1_IRQHandler               
000014a7  EUSCIA2_IRQHandler               
000014a7  EUSCIA3_IRQHandler               
000014a7  EUSCIB0_IRQHandler               
000014a7  EUSCIB1_IRQHandler               
000014a7  EUSCIB2_IRQHandler               
000014a7  EUSCIB3_IRQHandler               
000014a7  FLCTL_IRQHandler                 
000014a7  FPU_IRQHandler                   
000014a7  HardFault_Handler                
000014a7  MemManage_Handler                
000014a7  NMI_Handler                      
000014a7  PCM_IRQHandler                   
000014a7  PORT2_IRQHandler                 
000014a7  PORT3_IRQHandler                 
000014a7  PORT4_IRQHandler                 
000014a7  PORT5_IRQHandler                 
000014a7  PORT6_IRQHandler                 
000014a7  PSS_IRQHandler                   
000014a7  PendSV_Handler                   
000014a7  RTC_C_IRQHandler                 
000014a7  SVC_Handler                      
000014a7  SysTick_Handler                  
000014a7  T32_INT1_IRQHandler              
000014a7  T32_INT2_IRQHandler              
000014a7  T32_INTC_IRQHandler              
000014a7  TA0_0_IRQHandler                 
000014a7  TA0_N_IRQHandler                 
000014a7  TA1_0_IRQHandler                 
000014a7  TA1_N_IRQHandler                 
000014a7  TA2_0_IRQHandler                 
000014a7  TA2_N_IRQHandler                 
000014a7  TA3_0_IRQHandler                 
000014a7  TA3_N_IRQHandler                 
000014a7  UsageFault_Handler               
000014a7  WDT_A_IRQHandler                 
00001609  sqrt                             
00001609  sqrtl                            
00001761  __aeabi_ddiv                     
00001899  ldexp                            
00001899  ldexpl                           
00001899  scalbn                           
00001899  scalbnl                          
000019a9  __aeabi_dmul                     
00001aa5  ADC14_IRQHandler                 
00001aa5  ADC14_IRQHandler                 
00001b5d  ADC14_configureConversionMemory  
00001c11  ftoa                             
00001cb9  __aeabi_memcpy                   
00001cb9  __aeabi_memcpy4                  
00001cb9  __aeabi_memcpy8                  
00001cb9  memcpy                           
00001d55  __aeabi_cdcmpeq                  
00001d55  __aeabi_cdcmple                  
00001ddb  __aeabi_cdrcmple                 
00001e61  itoa                             
00001ee9  Interrupt_enableInterrupt        
00001f69  SystemInit                       
00001fe1  __aeabi_d2f                      
0000204f  __TI_decompress_lzss             
000020b7  intToStr                         
00002119  ADC14_configureSingleSampleMode  
00002171  ADC14_initModule                 
000021c5  __TI_auto_init_nobinit_nopinit   
00002209  __aeabi_d2uiz                    
0000224d  ADC14_getEnabledInterruptStatus  
00002285  __aeabi_f2d                      
000022bd  ADC14_enableSampleTimer          
000022f1  _c_int00_noargs                  
00002325  ADC14_clearInterruptFlag         
00002355  ADC14_enableInterrupt            
00002385  ADC14_setSampleHoldTime          
000023b5  __aeabi_i2d                      
000023e5  ADC14_getInterruptStatus         
00002411  ADC14_toggleConversionTrigger    
0000243d  ADC14_enableConversion           
00002465  ADC14_getResult                  
0000248d  REF_A_setReferenceVoltage        
000024ad  __aeabi_ui2d                     
000024cd  SysCtl_getTempCalibrationConstant
000024e9  __TI_zero_init_nomemset          
00002505  copysign                         
00002505  copysignl                        
00002521  FPU_enableModule                 
00002539  strlen                           
0000255d  FPU_enableLazyStacking           
0000256d  Interrupt_enableMaster           
0000257d  __TI_decompress_none             
0000258d  ADC14_enableModule               
00002599  CPU_cpsie                        
000025a5  REF_A_enableReferenceVoltage     
000025b1  REF_A_enableTempSensor           
000025bd  Reset_Handler                    
000025c9  __aeabi_errno_addr               
000025d1  _system_pre_init                 
000025d5  C$$EXIT                          
000025d5  abort                            
00002708  __TI_Handler_Table_Base          
00002714  __TI_Handler_Table_Limit         
00002720  __TI_CINIT_Base                  
00002730  __TI_CINIT_Limit                 
20000000  pwmConfig                        
20000018  errno                            
2000001c  count                            
20000020  cal30                            
20000024  cal85                            
20000028  calDifference                    
2000002c  tempC                            
20000030  tempF                            
20000034  tempK                            
2000fe00  __stack                          
20010000  __STACK_END                      
4000480c  WDTCTL_SYM                       
ffffffff  __TI_pprof_out_hndl              
ffffffff  __TI_prof_data_size              
ffffffff  __TI_prof_data_start             
ffffffff  __binit__                        
ffffffff  __c_args__                       
ffffffff  binit                            
UNDEFED   __mpu_init                       
UNDEFED   _system_post_cinit               

[145 symbols]
