ASxxxx Linker V03.00 + NoICE + sdld,  page 1.
Hexadecimal  [32-Bits]

Area                                    Addr        Size        Decimal Bytes (Attributes)
--------------------------------        ----        ----        ------- ----- ------------
CABS                                00000000    00000000 =           0. bytes (ABS,CON,CODE)

      Value  Global                              Global Defined In Module
      -----  --------------------------------   ------------------------
C:   00000000  l_BIT_BANK                      
C:   00000000  l_BSEG                          
C:   00000000  l_BSEG_BYTES                    
C:   00000000  l_CABS                          
C:   00000000  l_GSINIT                        
C:   00000000  l_GSINIT1                       
C:   00000000  l_GSINIT5                       
C:   00000000  l_IABS                          
C:   00000000  l_ISEG                          
C:   00000000  l_PSEG                          
C:   00000000  l_REG_BANK_1                    
C:   00000000  l_REG_BANK_2                    
C:   00000000  l_REG_BANK_3                    
C:   00000000  l_RSEG                          
C:   00000000  l_RSEG0                         
C:   00000000  l_RSEG1                         
C:   00000000  l_XABS                          
C:   00000000  l__CODE                         
C:   00000000  s_BSEG                          
C:   00000000  s_CABS                          
C:   00000000  s_DSEG                          
C:   00000000  s_IABS                          
C:   00000000  s_ISEG                          
C:   00000000  s_REG_BANK_0                    
C:   00000000  s_RSEG                          
C:   00000000  s_RSEG0                         
C:   00000000  s_RSEG1                         
C:   00000000  s_XABS                          
C:   00000001  l_OSEG                          
C:   00000002  l_XINIT                         
C:   00000002  l_XISEG                         
C:   00000003  l_GSFINAL                       
C:   00000003  l_GSINIT0                       
C:   00000006  l_HOME                          
C:   00000008  l_REG_BANK_0                    
C:   00000008  s_REG_BANK_1                    
C:   0000000A  l_GSINIT2                       
C:   00000010  s_REG_BANK_2                    
C:   00000018  s_BIT_BANK                      
C:   00000018  s_REG_BANK_3                    
C:   00000020  s_BSEG_BYTES                    
C:   00000020  s__CODE                         
C:   00000022  l_GSINIT3                       
C:   00000023  s_OSEG                          
C:   00000024  s_SSEG                          
C:   0000002A  l_GSINIT4                       
C:   0000005C  l_SSEG                          
C:   00000080  l_DSEG                          
C:   00000080  l_IRAM                          
C:   00000400  s_PSEG                          
ASxxxx Linker V03.00 + NoICE + sdld,  page 2.
Hexadecimal  [32-Bits]

Area                                    Addr        Size        Decimal Bytes (Attributes)
--------------------------------        ----        ----        ------- ----- ------------
CABS                                00000000    00000000 =           0. bytes (ABS,CON,CODE)

      Value  Global                              Global Defined In Module
      -----  --------------------------------   ------------------------
C:   00000400  s_XSEG                          
C:   000005E3  l_CONST                         
C:   00001105  l_XSEG                          
C:   00001505  s_XISEG                         
C:   00001C10  l_CSEG                          
C:   00002100  s_HOME                          
C:   00002106  s_GSINIT0                       
C:   00002109  s_GSINIT1                       
C:   00002109  s_GSINIT2                       
C:   00002113  s_GSINIT3                       
C:   00002135  s_GSINIT4                       
C:   0000215F  s_GSFINAL                       
C:   0000215F  s_GSINIT                        
C:   0000215F  s_GSINIT5                       
C:   00002162  s_CSEG                          
C:   00003D72  s_CONST                         
C:   00004355  s_XINIT                         

ASxxxx Linker V03.00 + NoICE + sdld,  page 3.
Hexadecimal  [32-Bits]

Area                                    Addr        Size        Decimal Bytes (Attributes)
--------------------------------        ----        ----        ------- ----- ------------
.  .ABS.                            00000000    00000000 =           0. bytes (ABS,CON)

      Value  Global                              Global Defined In Module
      -----  --------------------------------   ------------------------
     00000000  .__.ABS.                           _startup
     00000080  _P0                                main1
     00000080  _P0_0                              main1
     00000081  _P0_1                              main1
     00000081  _SP                                main1
     00000082  _DP0L                              main1
     00000082  _DPL                               main1
     00000082  _P0_2                              main1
     00000083  _DP0H                              main1
     00000083  _DPH                               main1
     00000083  _P0_3                              main1
     00000084  _P0_4                              main1
     00000085  _P0_5                              main1
     00000086  _P0_6                              main1
     00000087  _P0_7                              main1
     00000087  _PCON                              main1
     00000088  _IT0                               main1
     00000088  _TCON                              main1
     00000089  _IE0                               main1
     00000089  _TMOD                              main1
     0000008A  _IT1                               main1
     0000008A  _TL0                               main1
     0000008B  _IE1                               main1
     0000008B  _TL1                               main1
     0000008C  _TH0                               main1
     0000008C  _TR0                               main1
     0000008D  _TF0                               main1
     0000008D  _TH1                               main1
     0000008E  _TR1                               main1
     0000008F  _TF1                               main1
     00000090  _P1                                main1
     00000090  _P1_0                              main1
     00000091  _P1_1                              main1
     00000092  _P1_2                              main1
     00000093  _P1_3                              main1
     00000094  _P1_4                              main1
     00000095  _P1_5                              main1
     00000096  _P1_6                              main1
     00000097  _P1_7                              main1
     00000098  _RI                                main1
     00000098  _SCON                              main1
     00000099  _SBUF                              main1
     00000099  _SBUF0                             main1
     00000099  _TI                                main1
     0000009A  _RB8                               main1
     0000009B  _TB8                               main1
     0000009C  _REN                               main1
     0000009D  _SM2                               main1
     0000009E  _SM1                               main1
     0000009F  _SM0                               main1
ASxxxx Linker V03.00 + NoICE + sdld,  page 4.
Hexadecimal  [32-Bits]

Area                                    Addr        Size        Decimal Bytes (Attributes)
--------------------------------        ----        ----        ------- ----- ------------
.  .ABS.                            00000000    00000000 =           0. bytes (ABS,CON)

      Value  Global                              Global Defined In Module
      -----  --------------------------------   ------------------------
     000000A0  _P2                                main1
     000000A0  _P2_0                              main1
     000000A0  __XPAGE                            
     000000A1  _P2_1                              main1
     000000A2  _P2_2                              main1
     000000A3  _P2_3                              main1
     000000A4  _P2_4                              main1
     000000A5  _P2_5                              main1
     000000A6  _P2_6                              main1
     000000A7  _P2_7                              main1
     000000A8  _EX0                               main1
     000000A8  _IE                                main1
     000000A9  _ET0                               main1
     000000AA  _EX1                               main1
     000000AB  _ET1                               main1
     000000AC  _ES                                main1
     000000AF  _EA                                main1
     000000B0  _P3                                main1
     000000B0  _P3_0                              main1
     000000B0  _RXD                               main1
     000000B0  _RXD0                              main1
     000000B1  _P3_1                              main1
     000000B1  _TXD                               main1
     000000B1  _TXD0                              main1
     000000B2  _INT0                              main1
     000000B2  _P3_2                              main1
     000000B3  _INT1                              main1
     000000B3  _P3_3                              main1
     000000B4  _P3_4                              main1
     000000B4  _T0                                main1
     000000B5  _P3_5                              main1
     000000B5  _T1                                main1
     000000B6  _P3_6                              main1
     000000B6  _WR                                main1
     000000B7  _P3_7                              main1
     000000B7  _RD                                main1
     000000B8  _IP                                main1
     000000B8  _PX0                               main1
     000000B9  _PT0                               main1
     000000BA  _PX1                               main1
     000000BB  _PT1                               main1
     000000BC  _PS                                main1
     000000D0  _P                                 main1
     000000D0  _PSW                               main1
     000000D1  _F1                                main1
     000000D2  _OV                                main1
     000000D3  _RS0                               main1
     000000D4  _RS1                               main1
     000000D5  _F0                                main1
     000000D6  _AC                                main1
     000000D7  _CY                                main1
ASxxxx Linker V03.00 + NoICE + sdld,  page 5.
Hexadecimal  [32-Bits]

Area                                    Addr        Size        Decimal Bytes (Attributes)
--------------------------------        ----        ----        ------- ----- ------------
.  .ABS.                            00000000    00000000 =           0. bytes (ABS,CON)

      Value  Global                              Global Defined In Module
      -----  --------------------------------   ------------------------
     000000E0  _ACC                               main1
     000000F0  _B                                 main1
     000000F0  _BREG_F0                           main1
     000000F1  _BREG_F1                           main1
     000000F2  _BREG_F2                           main1
     000000F3  _BREG_F3                           main1
     000000F4  _BREG_F4                           main1
     000000F5  _BREG_F5                           main1
     000000F5  _B_5                               _gptrget
     000000F6  _BREG_F6                           main1
     000000F6  _B_6                               _gptrget
     000000F7  _BREG_F7                           main1
     000000F7  _B_7                               _gptrget
ASxxxx Linker V03.00 + NoICE + sdld,  page 6.
Hexadecimal  [32-Bits]

Area                                    Addr        Size        Decimal Bytes (Attributes)
--------------------------------        ----        ----        ------- ----- ------------
REG_BANK_0                          00000000    00000008 =           8. bytes (REL,OVR)

      Value  Global                              Global Defined In Module
      -----  --------------------------------   ------------------------
ASxxxx Linker V03.00 + NoICE + sdld,  page 7.
Hexadecimal  [32-Bits]

Area                                    Addr        Size        Decimal Bytes (Attributes)
--------------------------------        ----        ----        ------- ----- ------------
DSEG                                00000000    00000080 =         128. bytes (REL,CON)

      Value  Global                              Global Defined In Module
      -----  --------------------------------   ------------------------
     00000018  _bp                                _bp

ASxxxx Linker V03.00 + NoICE + sdld,  page 8.
Hexadecimal  [32-Bits]

Area                                    Addr        Size        Decimal Bytes (Attributes)
--------------------------------        ----        ----        ------- ----- ------------
OSEG                                00000023    00000001 =           1. bytes (REL,OVR)

      Value  Global                              Global Defined In Module
      -----  --------------------------------   ------------------------
ASxxxx Linker V03.00 + NoICE + sdld,  page 9.
Hexadecimal  [32-Bits]

Area                                    Addr        Size        Decimal Bytes (Attributes)
--------------------------------        ----        ----        ------- ----- ------------
SSEG                                00000024    0000005C =          92. bytes (REL,OVR)

      Value  Global                              Global Defined In Module
      -----  --------------------------------   ------------------------
     00000024  __start__stack                     main1

ASxxxx Linker V03.00 + NoICE + sdld,  page 10.
Hexadecimal  [32-Bits]

Area                                    Addr        Size        Decimal Bytes (Attributes)
--------------------------------        ----        ----        ------- ----- ------------
XSEG                                00000400    00001105 =        4357. bytes (REL,CON,XDATA)

      Value  Global                              Global Defined In Module
      -----  --------------------------------   ------------------------
D:   00000400  ___sdcc_heap                       main1
D:   000013A1  _buff01size                        main1
D:   000014BA  __gptrput_PARM_2                   _gptrput
D:   000014BB  ___sdcc_heap_free                  malloc
D:   000014C3  __mulint_PARM_2                    _mulint
D:   000014C5  __modsint_PARM_2                   _modsint
D:   000014C9  __moduint_PARM_2                   _moduint
D:   000014CE  _vprintf_PARM_2                    vprintf
D:   000014E3  __print_format_PARM_2              printf_large
D:   000014E6  __print_format_PARM_3              printf_large
D:   000014E9  __print_format_PARM_4              printf_large

ASxxxx Linker V03.00 + NoICE + sdld,  page 11.
Hexadecimal  [32-Bits]

Area                                    Addr        Size        Decimal Bytes (Attributes)
--------------------------------        ----        ----        ------- ----- ------------
XISEG                               00001505    00000002 =           2. bytes (REL,CON,XDATA)

      Value  Global                              Global Defined In Module
      -----  --------------------------------   ------------------------
D:   00001505  _ptr                               main1

ASxxxx Linker V03.00 + NoICE + sdld,  page 12.
Hexadecimal  [32-Bits]

Area                                    Addr        Size        Decimal Bytes (Attributes)
--------------------------------        ----        ----        ------- ----- ------------
HOME                                00002100    00000006 =           6. bytes (REL,CON,CODE)

      Value  Global                              Global Defined In Module
      -----  --------------------------------   ------------------------
C:   00002103  __sdcc_program_startup             main1

ASxxxx Linker V03.00 + NoICE + sdld,  page 13.
Hexadecimal  [32-Bits]

Area                                    Addr        Size        Decimal Bytes (Attributes)
--------------------------------        ----        ----        ------- ----- ------------
GSINIT0                             00002106    00000003 =           3. bytes (REL,CON,CODE)

      Value  Global                              Global Defined In Module
      -----  --------------------------------   ------------------------
C:   00002106  __sdcc_gsinit_startup              

ASxxxx Linker V03.00 + NoICE + sdld,  page 14.
Hexadecimal  [32-Bits]

Area                                    Addr        Size        Decimal Bytes (Attributes)
--------------------------------        ----        ----        ------- ----- ------------
GSINIT2                             00002109    0000000A =          10. bytes (REL,CON,CODE)

      Value  Global                              Global Defined In Module
      -----  --------------------------------   ------------------------
ASxxxx Linker V03.00 + NoICE + sdld,  page 15.
Hexadecimal  [32-Bits]

Area                                    Addr        Size        Decimal Bytes (Attributes)
--------------------------------        ----        ----        ------- ----- ------------
GSINIT3                             00002113    00000022 =          34. bytes (REL,CON,CODE)

      Value  Global                              Global Defined In Module
      -----  --------------------------------   ------------------------
C:   00002113  __mcs51_genXINIT                   

ASxxxx Linker V03.00 + NoICE + sdld,  page 16.
Hexadecimal  [32-Bits]

Area                                    Addr        Size        Decimal Bytes (Attributes)
--------------------------------        ----        ----        ------- ----- ------------
GSINIT4                             00002135    0000002A =          42. bytes (REL,CON,CODE)

      Value  Global                              Global Defined In Module
      -----  --------------------------------   ------------------------
C:   00002135  __mcs51_genRAMCLEAR                
C:   0000213B  __mcs51_genXRAMCLEAR               

ASxxxx Linker V03.00 + NoICE + sdld,  page 17.
Hexadecimal  [32-Bits]

Area                                    Addr        Size        Decimal Bytes (Attributes)
--------------------------------        ----        ----        ------- ----- ------------
GSFINAL                             0000215F    00000003 =           3. bytes (REL,CON,CODE)

      Value  Global                              Global Defined In Module
      -----  --------------------------------   ------------------------
ASxxxx Linker V03.00 + NoICE + sdld,  page 18.
Hexadecimal  [32-Bits]

Area                                    Addr        Size        Decimal Bytes (Attributes)
--------------------------------        ----        ----        ------- ----- ------------
CSEG                                00002162    00001C10 =        7184. bytes (REL,CON,CODE)

      Value  Global                              Global Defined In Module
      -----  --------------------------------   ------------------------
C:   00002162  _dataout                           main1
C:   00002174  _main                              main1
C:   00002CA2  _takeinput                         main1
C:   00002D63  _getchar                           main1
C:   00002D71  _putchar                           main1
C:   00002D8E  _free                              free
C:   00002EE5  __gptrput                          _gptrput
C:   00002F00  _printf_tiny                       printf_tiny
C:   00003009  ___sdcc_heap_init                  malloc
C:   00003045  _malloc                            malloc
C:   000031AE  __mulint                           _mulint
C:   000031CE  __modsint                          _modsint
C:   00003236  __moduint                          _moduint
C:   000032F1  _vprintf                           vprintf
C:   00003330  _printf                            vprintf
C:   00003439  __print_format                     printf_large
C:   00003D3A  _strlen                            _strlen
C:   00003D52  __gptrget                          _gptrget
C:   00003D6E  __sdcc_external_startup            _startup

ASxxxx Linker V03.00 + NoICE + sdld,  page 19.
Hexadecimal  [32-Bits]

Area                                    Addr        Size        Decimal Bytes (Attributes)
--------------------------------        ----        ----        ------- ----- ------------
CONST                               00003D72    000005E3 =        1507. bytes (REL,CON,CODE)

      Value  Global                              Global Defined In Module
      -----  --------------------------------   ------------------------
C:   00003D72  ___sdcc_heap_size                  main1

ASxxxx Linker V03.00 + NoICE + sdld,  page 20.
Hexadecimal  [32-Bits]

Area                                    Addr        Size        Decimal Bytes (Attributes)
--------------------------------        ----        ----        ------- ----- ------------
XINIT                               00004355    00000002 =           2. bytes (REL,CON,CODE)

      Value  Global                              Global Defined In Module
      -----  --------------------------------   ------------------------
ASxxxx Linker V03.00 + NoICE + sdld,  page 21.

Files Linked                              [ module(s) ]

obj\Release\Desai_Lab3_Part1\c_code\abcd\main1.rel
                                          [  ]


Libraries Linked                          [ object file ]

C:\Program Files\SDCC\bin\..\lib\large/libsdcc.lib
                                          [ free.rel ]
C:\Program Files\SDCC\bin\..\lib\large/mcs51.lib
                                          [ crtclear.rel ]
C:\Program Files\SDCC\bin\..\lib\large/mcs51.lib
                                          [ crtxinit.rel ]
C:\Program Files\SDCC\bin\..\lib\large/libsdcc.lib
                                          [ _gptrput.rel ]
C:\Program Files\SDCC\bin\..\lib\large/libsdcc.lib
                                          [ printf_tiny.rel ]
C:\Program Files\SDCC\bin\..\lib\large/libsdcc.lib
                                          [ malloc.rel ]
C:\Program Files\SDCC\bin\..\lib\large/libint.lib
                                          [ _mulint.rel ]
C:\Program Files\SDCC\bin\..\lib\large/libint.lib
                                          [ _modsint.rel ]
C:\Program Files\SDCC\bin\..\lib\large/libint.lib
                                          [ _moduint.rel ]
C:\Program Files\SDCC\bin\..\lib\large/mcs51.lib
                                          [ crtxclear.rel ]
C:\Program Files\SDCC\bin\..\lib\large/libsdcc.lib
                                          [ _bp.rel ]
C:\Program Files\SDCC\bin\..\lib\large/libsdcc.lib
                                          [ vprintf.rel ]
C:\Program Files\SDCC\bin\..\lib\large/libsdcc.lib
                                          [ printf_large.rel ]
C:\Program Files\SDCC\bin\..\lib\large/mcs51.lib
                                          [ crtpagesfr.rel ]
C:\Program Files\SDCC\bin\..\lib\large/libsdcc.lib
                                          [ _strlen.rel ]
C:\Program Files\SDCC\bin\..\lib\large/mcs51.lib
                                          [ crtstart.rel ]
C:\Program Files\SDCC\bin\..\lib\large/libsdcc.lib
                                          [ _gptrget.rel ]
C:\Program Files\SDCC\bin\..\lib\large/libsdcc.lib
                                          [ _startup.rel ]

ASxxxx Linker V03.00 + NoICE + sdld,  page 22.

User Base Address Definitions

HOME = 0x2100
XSEG = 0x0400
PSEG = 0x0400
ISEG = 0x0000
BSEG = 0x0000

