DUNFIELD 8051 ASSEMBLER: HW1test                                      PAGE: 1

0000                         1         ORG $0000
0000  E4                     2  BEGIN    CLR A
0001  F5 30                  3           MOV 30H,A     ; If no error,move 00 in 0x30
0003  C3                     4           CLR C
0004  74 60                  5           MOV A,#60H    ; X
0006  33                     6           RLC A         ; Multiply X by 2 
0007  50 04                  7           JNC XYZ
0009  78 30                  8           MOV R0,#30H
000B  76 02                  9           MOV [R0],#02H ; Multiplication exceeds 8 bits,error code 02 at 30H
000D  F5 20                 10  XYZ      MOV 20H,A     ; Storing X*2 at 20H address
000F  75 F0 0A              11           MOV B,#0AH    ; Y
0012  FA                    12           MOV R2,A
0013  E4                    13           CLR A
0014  95 F0                 14           SUBB A,B      ; check if Y i.e divisor is 0
0016  70 06                 15           JNZ ABC
0018  78 30                 16           MOV R0,#30H
001A  76 01                 17           MOV [R0],#01H ; since divisor 0, store 01 as error code at 0x30   
001C  80 12                 18           SJMP ENDLOOP  
001E  C3                    19  ABC      CLR C
001F  EA                    20           MOV A,R2
0020  78 00                 21           MOV R0,#0H    ; Using R0 as Quotient
0022  F9                    22  ALPHA    MOV R1,A      
0023  95 F0                 23           SUBB A,B      ; Repetitive substraction for division
0025  50 04                 24           JNC BETA
0027  89 22                 25           MOV 22H,R1    ; Storing final remainder at 22H address
0029  80 03                 26           SJMP GAMMA
002B  08                    27  BETA     INC R0        
002C  80 F4                 28           SJMP ALPHA 
002E  88 21                 29  GAMMA    MOV 21H,R0    ; Storing final Quotient at 21H address
0030                        30           
0030  80 FE                 31  ENDLOOP  SJMP  ENDLOOP
0032                        32         
